﻿
> react-example@0.0.0 build
> vite build

[36mvite v6.4.1 [32mbuilding for production...[36m[39m
transforming...
[32mÔ£ô[39m 17 modules transformed.
node.exe : [31mÔ£ù[39m Build failed in 
111ms
No linha:1 caractere:1
+ & "C:\Program Files\nodejs/node.exe" 
"C:\Users\rodri\AppData\Roaming\ ...
+ ~~~~~~~~~~~~~~~~~~~~~~~~~~~~~~~~~~~~~~~~~~
~~~~~~~~~~~~~~~~~~~~~~~~~~~
    + CategoryInfo          : NotSpecified: 
    ([31mÔ£ù[39m Build failed in 111ms:S  
  tring) [], RemoteException
    + FullyQualifiedErrorId : NativeCommand 
   Error
 
[31merror during build:
[31m[vite]: Rollup failed to resolve 
import "@supabase/supabase-js" from "C:/Proj
etos/CONCLUIDOS/MonetaRemaster02/src/js/serv
ices/supabase.service.js".
This is most likely unintended because it 
can break your application at runtime.
If you do want to externalize this module 
explicitly add it to
`build.rollupOptions.external`[31m
    at viteLog (file:///C:/Projetos/CONCLUID
OS/MonetaRemaster02/node_modules/vite/dist/n
ode/chunks/dep-D4NMHUTW.js:46374:15)
    at onRollupLog (file:///C:/Projetos/CONC
LUIDOS/MonetaRemaster02/node_modules/vite/di
st/node/chunks/dep-D4NMHUTW.js:46424:5)
    at onLog (file:///C:/Projetos/CONCLUIDOS
/MonetaRemaster02/node_modules/vite/dist/nod
e/chunks/dep-D4NMHUTW.js:46072:7)
    at file:///C:/Projetos/CONCLUIDOS/Moneta
Remaster02/node_modules/rollup/dist/es/share
d/node-entry.js:20958:32
    at Object.logger [as onLog] (file:///C:/
Projetos/CONCLUIDOS/MonetaRemaster02/node_mo
dules/rollup/dist/es/shared/node-entry.js:22
945:9)
    at ModuleLoader.handleInvalidResolvedId 
(file:///C:/Projetos/CONCLUIDOS/MonetaRemast
er02/node_modules/rollup/dist/es/shared/node
-entry.js:21689:26)
    at file:///C:/Projetos/CONCLUIDOS/Moneta
Remaster02/node_modules/rollup/dist/es/share
d/node-entry.js:21647:26[39m
