Iniciando verifica├º├úo de l├│gica de risco...

Profiss├úo: "Aut├┤nomo/Dentista"
  > Risco Calculado: HIGH
  > Meses Meta: 12
  > Meta Reserva: R$ 60000.00
------------------------------------------------
Profiss├úo: "Dentista"
  > Risco Calculado: HIGH
  > Meses Meta: 12
  > Meta Reserva: R$ 60000.00
------------------------------------------------
Profiss├úo: "Engenheiro (CLT)"
  > Risco Calculado: LOW
  > Meses Meta: 6
  > Meta Reserva: R$ 30000.00
------------------------------------------------
Profiss├úo: "FREELANCER"
  > Risco Calculado: HIGH
  > Meses Meta: 12
  > Meta Reserva: R$ 48000.00
------------------------------------------------
